TEST-ONLY optimized Garden build with placeholder service config. Do not deploy.
TEST-ONLY optimized Garden build with placeholder service config. Do not deploy.
▲ Next.js 16.2.6 (webpack)
- Environments: .env.local
- Experiments (use with caution):
  · serverActions

⚠ The "middleware" file convention is deprecated. Please use "proxy" instead. Learn more: https://nextjs.org/docs/messages/middleware-to-proxy
  Creating an optimized production build ...
✓ Compiled successfully in 2.1min
  Collecting page data using 4 workers ...
  Finalizing page optimization ...
  Collecting build traces ...
  Build ran with "compile" mode, to finalize the build run either "generate" or "generate-env" mode as well

Route (app)
┌ ƒ /_not-found
└ ƒ /[locale]/garden


ƒ Proxy (Middleware)

ƒ  (Dynamic)  server-rendered on demand

Verified: optimized Garden route emitted; scoped TypeScript passed.
TEST-ONLY optimized Garden build with placeholder service config. Do not deploy.
▲ Next.js 16.2.6 (webpack)
- Environments: .env.local
- Experiments (use with caution):
  · serverActions

⚠ The "middleware" file convention is deprecated. Please use "proxy" instead. Learn more: https://nextjs.org/docs/messages/middleware-to-proxy
  Creating an optimized production build ...
  Collecting page data using 4 workers ...
  Inlining static env ...
  Generating static pages using 4 workers (0/2) ...
✓ Generating static pages using 4 workers (2/2) in 343ms
  Finalizing page optimization ...

Route (app)
┌ ○ /_not-found
└ ƒ /[locale]/garden


ƒ Proxy (Middleware)

○  (Static)   prerendered as static content
ƒ  (Dynamic)  server-rendered on demand

Verified: optimized Garden route emitted; scoped TypeScript passed.
Verified: optimized Garden route emitted; scoped TypeScript passed.
